{"timestamp":"2025-12-22T10:13:47.753Z","level":"INFO","message":"[server] Server is running on port 5001","meta":{},"pid":1452}
{"timestamp":"2025-12-22T10:13:47.755Z","level":"INFO","message":"[server] Health check endpoint: http://localhost:5001/api/health","meta":{},"pid":1452}
{"timestamp":"2025-12-22T10:13:47.756Z","level":"INFO","message":"[server] Metrics endpoint: http://localhost:5001/api/metrics","meta":{},"pid":1452}
{"timestamp":"2025-12-22T10:13:47.757Z","level":"WARN","message":"[server] WARNING: Database not connected!","meta":{},"pid":1452}
{"timestamp":"2025-12-22T10:13:47.761Z","level":"WARN","message":"[server] Please check your MongoDB installation or database configuration.","meta":{},"pid":1452}
{"timestamp":"2025-12-22T10:13:47.759Z","level":"WARN","message":"[server] Some features may not work properly.","meta":{},"pid":1452}
{"timestamp":"2025-12-22T10:13:47.845Z","level":"INFO","message":"[server] Database connected successfully","meta":{},"pid":1452}
{"timestamp":"2025-12-22T10:13:48.063Z","level":"INFO","message":"[server] Found 4 existing integrations, skipping initialization","meta":{},"pid":1452}
{"timestamp":"2025-12-22T13:36:39.870Z","level":"INFO","message":"[server] Server is running on port 5001","meta":{},"pid":2144}
{"timestamp":"2025-12-22T13:36:39.872Z","level":"INFO","message":"[server] Health check endpoint: http://localhost:5001/api/health","meta":{},"pid":2144}
{"timestamp":"2025-12-22T13:36:39.873Z","level":"WARN","message":"[server] Some features may not work properly.","meta":{},"pid":2144}
{"timestamp":"2025-12-22T13:36:39.874Z","level":"WARN","message":"[server] Please check your MongoDB installation or database configuration.","meta":{},"pid":2144}
{"timestamp":"2025-12-22T13:36:39.872Z","level":"INFO","message":"[server] Metrics endpoint: http://localhost:5001/api/metrics","meta":{},"pid":2144}
{"timestamp":"2025-12-22T13:36:39.873Z","level":"WARN","message":"[server] WARNING: Database not connected!","meta":{},"pid":2144}
{"timestamp":"2025-12-22T13:36:39.897Z","level":"INFO","message":"[server] Database connected successfully","meta":{},"pid":2144}
{"timestamp":"2025-12-22T13:36:39.996Z","level":"INFO","message":"[server] Found 4 existing integrations, skipping initialization","meta":{},"pid":2144}
{"timestamp":"2025-12-22T13:40:22.271Z","level":"WARN","message":"[server] Port 5001 is already in use. Trying port 5002...","meta":{},"pid":17088}
{"timestamp":"2025-12-22T13:40:22.325Z","level":"INFO","message":"[server] Database connected successfully","meta":{},"pid":17088}
{"timestamp":"2025-12-22T13:40:22.386Z","level":"INFO","message":"[server] Health check endpoint: http://localhost:5002/api/health","meta":{},"pid":17088}
{"timestamp":"2025-12-22T13:40:22.386Z","level":"INFO","message":"[server] Metrics endpoint: http://localhost:5002/api/metrics","meta":{},"pid":17088}
{"timestamp":"2025-12-22T13:40:22.385Z","level":"INFO","message":"[server] Server is running on port 5002","meta":{},"pid":17088}
{"timestamp":"2025-12-22T13:40:22.470Z","level":"INFO","message":"[server] Found 4 existing integrations, skipping initialization","meta":{},"pid":17088}
{"timestamp":"2025-12-22T13:43:14.185Z","level":"INFO","message":"[server] Server is running on port 5001","meta":{},"pid":15716}
{"timestamp":"2025-12-22T13:43:14.187Z","level":"INFO","message":"[server] Health check endpoint: http://localhost:5001/api/health","meta":{},"pid":15716}
{"timestamp":"2025-12-22T13:43:14.187Z","level":"WARN","message":"[server] Some features may not work properly.","meta":{},"pid":15716}
{"timestamp":"2025-12-22T13:43:14.187Z","level":"INFO","message":"[server] Metrics endpoint: http://localhost:5001/api/metrics","meta":{},"pid":15716}
{"timestamp":"2025-12-22T13:43:14.188Z","level":"WARN","message":"[server] Please check your MongoDB installation or database configuration.","meta":{},"pid":15716}
{"timestamp":"2025-12-22T13:43:14.187Z","level":"WARN","message":"[server] WARNING: Database not connected!","meta":{},"pid":15716}
{"timestamp":"2025-12-22T13:43:14.199Z","level":"INFO","message":"[server] Database connected successfully","meta":{},"pid":15716}
{"timestamp":"2025-12-22T13:43:14.228Z","level":"INFO","message":"[server] Found 4 existing integrations, skipping initialization","meta":{},"pid":15716}
{"timestamp":"2025-12-22T14:01:39.789Z","level":"INFO","message":"[server] Server is running on port 5001","meta":{},"pid":3180}
{"timestamp":"2025-12-22T14:01:39.791Z","level":"INFO","message":"[server] Health check endpoint: http://localhost:5001/api/health","meta":{},"pid":3180}
{"timestamp":"2025-12-22T14:01:39.792Z","level":"INFO","message":"[server] Metrics endpoint: http://localhost:5001/api/metrics","meta":{},"pid":3180}
{"timestamp":"2025-12-22T14:01:39.794Z","level":"WARN","message":"[server] Please check your MongoDB installation or database configuration.","meta":{},"pid":3180}
{"timestamp":"2025-12-22T14:01:39.794Z","level":"WARN","message":"[server] Some features may not work properly.","meta":{},"pid":3180}
{"timestamp":"2025-12-22T14:01:39.793Z","level":"WARN","message":"[server] WARNING: Database not connected!","meta":{},"pid":3180}
{"timestamp":"2025-12-22T14:01:39.842Z","level":"INFO","message":"[server] Database connected successfully","meta":{},"pid":3180}
{"timestamp":"2025-12-22T14:01:39.965Z","level":"INFO","message":"[server] Found 4 existing integrations, skipping initialization","meta":{},"pid":3180}
{"timestamp":"2025-12-22T14:17:32.839Z","level":"INFO","message":"[server] Server is running on port 5001","meta":{},"pid":5864}
{"timestamp":"2025-12-22T14:17:32.849Z","level":"INFO","message":"[server] Health check endpoint: http://localhost:5001/api/health","meta":{},"pid":5864}
{"timestamp":"2025-12-22T14:17:32.849Z","level":"WARN","message":"[server] WARNING: Database not connected!","meta":{},"pid":5864}
{"timestamp":"2025-12-22T14:17:32.850Z","level":"WARN","message":"[server] Some features may not work properly.","meta":{},"pid":5864}
{"timestamp":"2025-12-22T14:17:32.849Z","level":"INFO","message":"[server] Metrics endpoint: http://localhost:5001/api/metrics","meta":{},"pid":5864}
{"timestamp":"2025-12-22T14:17:32.850Z","level":"WARN","message":"[server] Please check your MongoDB installation or database configuration.","meta":{},"pid":5864}
{"timestamp":"2025-12-22T14:17:32.877Z","level":"INFO","message":"[server] Database connected successfully","meta":{},"pid":5864}
{"timestamp":"2025-12-22T14:17:32.981Z","level":"INFO","message":"[server] Found 4 existing integrations, skipping initialization","meta":{},"pid":5864}
{"timestamp":"2025-12-22T14:24:35.555Z","level":"INFO","message":"[server] Server is running on port 5001","meta":{},"pid":6208}
{"timestamp":"2025-12-22T14:24:35.556Z","level":"INFO","message":"[server] Health check endpoint: http://localhost:5001/api/health","meta":{},"pid":6208}
{"timestamp":"2025-12-22T14:24:35.557Z","level":"INFO","message":"[server] Metrics endpoint: http://localhost:5001/api/metrics","meta":{},"pid":6208}
{"timestamp":"2025-12-22T14:24:35.558Z","level":"WARN","message":"[server] WARNING: Database not connected!","meta":{},"pid":6208}
{"timestamp":"2025-12-22T14:24:35.558Z","level":"WARN","message":"[server] Some features may not work properly.","meta":{},"pid":6208}
{"timestamp":"2025-12-22T14:24:35.559Z","level":"WARN","message":"[server] Please check your MongoDB installation or database configuration.","meta":{},"pid":6208}
{"timestamp":"2025-12-22T14:24:35.600Z","level":"INFO","message":"[server] Database connected successfully","meta":{},"pid":6208}
{"timestamp":"2025-12-22T14:24:35.710Z","level":"INFO","message":"[server] Found 4 existing integrations, skipping initialization","meta":{},"pid":6208}
{"timestamp":"2025-12-22T14:33:59.515Z","level":"WARN","message":"[server] Port 5001 is already in use. Trying port 5002...","meta":{},"pid":22396}
{"timestamp":"2025-12-22T14:33:59.551Z","level":"INFO","message":"[server] Database connected successfully","meta":{},"pid":22396}
{"timestamp":"2025-12-22T14:33:59.619Z","level":"INFO","message":"[server] Server is running on port 5002","meta":{},"pid":22396}
{"timestamp":"2025-12-22T14:33:59.619Z","level":"INFO","message":"[server] Health check endpoint: http://localhost:5002/api/health","meta":{},"pid":22396}
{"timestamp":"2025-12-22T14:33:59.620Z","level":"INFO","message":"[server] Metrics endpoint: http://localhost:5002/api/metrics","meta":{},"pid":22396}
{"timestamp":"2025-12-22T14:33:59.664Z","level":"INFO","message":"[server] Found 4 existing integrations, skipping initialization","meta":{},"pid":22396}
{"timestamp":"2025-12-22T14:37:50.845Z","level":"INFO","message":"[server] Server is running on port 5001","meta":{},"pid":11592}
{"timestamp":"2025-12-22T14:37:50.863Z","level":"INFO","message":"[server] Metrics endpoint: http://localhost:5001/api/metrics","meta":{},"pid":11592}
{"timestamp":"2025-12-22T14:37:50.867Z","level":"WARN","message":"[server] Please check your MongoDB installation or database configuration.","meta":{},"pid":11592}
{"timestamp":"2025-12-22T14:37:50.865Z","level":"WARN","message":"[server] WARNING: Database not connected!","meta":{},"pid":11592}
{"timestamp":"2025-12-22T14:37:50.867Z","level":"WARN","message":"[server] Some features may not work properly.","meta":{},"pid":11592}
{"timestamp":"2025-12-22T14:37:50.862Z","level":"INFO","message":"[server] Health check endpoint: http://localhost:5001/api/health","meta":{},"pid":11592}
{"timestamp":"2025-12-22T14:37:50.923Z","level":"INFO","message":"[server] Database connected successfully","meta":{},"pid":11592}
{"timestamp":"2025-12-22T14:37:51.123Z","level":"INFO","message":"[server] Found 4 existing integrations, skipping initialization","meta":{},"pid":11592}
{"timestamp":"2025-12-22T14:38:47.431Z","level":"INFO","message":"[server] Server is running on port 5001","meta":{},"pid":14944}
{"timestamp":"2025-12-22T14:38:47.434Z","level":"INFO","message":"[server] Health check endpoint: http://localhost:5001/api/health","meta":{},"pid":14944}
{"timestamp":"2025-12-22T14:38:47.437Z","level":"WARN","message":"[server] Some features may not work properly.","meta":{},"pid":14944}
{"timestamp":"2025-12-22T14:38:47.435Z","level":"INFO","message":"[server] Metrics endpoint: http://localhost:5001/api/metrics","meta":{},"pid":14944}
{"timestamp":"2025-12-22T14:38:47.438Z","level":"WARN","message":"[server] Please check your MongoDB installation or database configuration.","meta":{},"pid":14944}
{"timestamp":"2025-12-22T14:38:47.437Z","level":"WARN","message":"[server] WARNING: Database not connected!","meta":{},"pid":14944}
{"timestamp":"2025-12-22T14:38:47.503Z","level":"INFO","message":"[server] Database connected successfully","meta":{},"pid":14944}
{"timestamp":"2025-12-22T14:38:47.595Z","level":"INFO","message":"[server] Found 4 existing integrations, skipping initialization","meta":{},"pid":14944}
{"timestamp":"2025-12-22T14:39:24.877Z","level":"INFO","message":"[server] Server is running on port 5001","meta":{},"pid":17784}
{"timestamp":"2025-12-22T14:39:24.879Z","level":"INFO","message":"[server] Metrics endpoint: http://localhost:5001/api/metrics","meta":{},"pid":17784}
{"timestamp":"2025-12-22T14:39:24.880Z","level":"WARN","message":"[server] Some features may not work properly.","meta":{},"pid":17784}
{"timestamp":"2025-12-22T14:39:24.878Z","level":"INFO","message":"[server] Health check endpoint: http://localhost:5001/api/health","meta":{},"pid":17784}
{"timestamp":"2025-12-22T14:39:24.880Z","level":"WARN","message":"[server] Please check your MongoDB installation or database configuration.","meta":{},"pid":17784}
{"timestamp":"2025-12-22T14:39:24.879Z","level":"WARN","message":"[server] WARNING: Database not connected!","meta":{},"pid":17784}
{"timestamp":"2025-12-22T14:39:24.898Z","level":"INFO","message":"[server] Database connected successfully","meta":{},"pid":17784}
{"timestamp":"2025-12-22T14:39:24.939Z","level":"INFO","message":"[server] Found 4 existing integrations, skipping initialization","meta":{},"pid":17784}
{"timestamp":"2025-12-22T14:41:58.618Z","level":"INFO","message":"[server] Server is running on port 5001","meta":{},"pid":7344}
{"timestamp":"2025-12-22T14:41:58.621Z","level":"INFO","message":"[server] Health check endpoint: http://localhost:5001/api/health","meta":{},"pid":7344}
{"timestamp":"2025-12-22T14:41:58.621Z","level":"INFO","message":"[server] Metrics endpoint: http://localhost:5001/api/metrics","meta":{},"pid":7344}
{"timestamp":"2025-12-22T14:41:58.622Z","level":"WARN","message":"[server] Please check your MongoDB installation or database configuration.","meta":{},"pid":7344}
{"timestamp":"2025-12-22T14:41:58.622Z","level":"WARN","message":"[server] Some features may not work properly.","meta":{},"pid":7344}
{"timestamp":"2025-12-22T14:41:58.621Z","level":"WARN","message":"[server] WARNING: Database not connected!","meta":{},"pid":7344}
{"timestamp":"2025-12-22T14:41:58.642Z","level":"INFO","message":"[server] Database connected successfully","meta":{},"pid":7344}
{"timestamp":"2025-12-22T14:41:58.681Z","level":"INFO","message":"[server] Found 4 existing integrations, skipping initialization","meta":{},"pid":7344}
{"timestamp":"2025-12-22T14:57:13.275Z","level":"INFO","message":"[server] Server is running on port 5001","meta":{},"pid":3460}
{"timestamp":"2025-12-22T14:57:13.276Z","level":"INFO","message":"[server] Health check endpoint: http://localhost:5001/api/health","meta":{},"pid":3460}
{"timestamp":"2025-12-22T14:57:13.277Z","level":"INFO","message":"[server] Metrics endpoint: http://localhost:5001/api/metrics","meta":{},"pid":3460}
{"timestamp":"2025-12-22T14:57:13.277Z","level":"WARN","message":"[server] Some features may not work properly.","meta":{},"pid":3460}
{"timestamp":"2025-12-22T14:57:13.277Z","level":"WARN","message":"[server] WARNING: Database not connected!","meta":{},"pid":3460}
{"timestamp":"2025-12-22T14:57:13.277Z","level":"WARN","message":"[server] Please check your MongoDB installation or database configuration.","meta":{},"pid":3460}
{"timestamp":"2025-12-22T14:57:13.305Z","level":"INFO","message":"[server] Database connected successfully","meta":{},"pid":3460}
{"timestamp":"2025-12-22T14:57:13.387Z","level":"INFO","message":"[server] Found 4 existing integrations, skipping initialization","meta":{},"pid":3460}
